components/pdp/electr├│nico/perif├⌐ricos/PdpMechanicalNumeric.tsx(132,45): error TS1382: Unexpected token. Did you mean `{'>'}` or `&gt;`?
components/pdp/electr├│nico/perif├⌐ricos/PdpMechanicalNumeric.tsx(186,124): error TS1382: Unexpected token. Did you mean `{'>'}` or `&gt;`?
components/pdp/electr├│nico/perif├⌐ricos/PdpMechanicalNumeric.tsx(186,125): error TS1382: Unexpected token. Did you mean `{'>'}` or `&gt;`?
